---
comment: false
aside:
  toc: true

title: Linux 磁盘分区手册
date: 2022-04-09 14:07
tags: Linux 运维部署
---

## MBR 分区表

* 仅用于`MBR`分区表分区使用, `MBR`分区表仅支持最大**2TB**硬盘空间，且小于**4个**主分区

* 扩展分区可以没有，或且只能有一个。扩展分区可为多个逻辑分区。

### 查看分区信息

**fdisk -l**

```shell
[root@Server ~]# fdisk -l

Disk /dev/vda: 42.9 GB, 42949672960 bytes, 83886080 sectors
Units = sectors of 1 * 512 = 512 bytes
Sector size (logical/physical): 512 bytes / 512 bytes
I/O size (minimum/optimal): 512 bytes / 512 bytes
Disk label type: dos
Disk identifier: 0x00021519

   Device Boot      Start         End      Blocks   Id  System
/dev/vda1   *        2048     2099199     1048576   83  Linux
/dev/vda2         2099200    83886079    40893440   83  Linux

Disk /dev/sda: 214.7 GB, 214748364800 bytes, 419430400 sectors
Units = sectors of 1 * 512 = 512 bytes
Sector size (logical/physical): 512 bytes / 512 bytes
I/O size (minimum/optimal): 512 bytes / 512 bytes
```

有两个硬盘`/dev/vda`和`/dev/sda`, 硬盘`/dev/vda`有两个分区`/dev/vda1`和`/dev/vda2`, Boot 是否为引导分区

### 命令选项

分区命令选项:

* m: 显示帮助菜单

* l：显示分区类型

  常用分区类型: 5、82、83、8e

* n: 新建分区

* d: 删除分区

* p: 显示分区列表

* t: 设置分区号

* w: 保存退出

* q: 不保存退出

### 创建分区

1. 执行`fdisk /dev/sda`对指定硬盘开始分区, 并输入`n`创建新分区

```shell
[root@4c4g ~]# fdisk /dev/sda
Welcome to fdisk (util-linux 2.23.2).

Changes will remain in memory only, until you decide to write them.
Be careful before using the write command.

Device does not contain a recognized partition table
Building a new DOS disklabel with disk identifier 0x5952a911.

Command (m for help): n
```

2. 创建分区, 提供主分区`p`或扩展分区`e`选择

```shell
Partition type:
   p   primary (0 primary, 0 extended, 4 free)
   e   extended
Select (default p): 
```

`MBR`只支持最多`4个主分区(primary)`, `1个扩展分区(extended)`. 扩展分区不可以直接使用，需再分为逻辑分区后使用. 扩展分区可分为`n个逻辑分区`.

3. 设置分区号

```shell
Partition number (1-4, default 1): 
```

4. 指定分区大小

设置`起始扇区(First sector)`后，再设置`结束扇区(Last sector)`, 就此完成分区. 硬盘基于大小, 可建立多个分区.

`起始扇区`一般采用默认, `结束扇区(Last sector)`可通过`+100G`或其它`M、K`等单位直接设置分区大小.

```shell
First sector (2048-419430399, default 2048):
Using default value 2048
Last sector, +sectors or +size{K,M,G} (2048-419430399, default 419430399):
Using default value 419430399
Partition 1 of type Linux and of size 200 GiB is set
```

5. 保存分区设置

输入命令`w`, 保存分区设置

```shell
Command (m for help): w
```

### 分区格式化

mkfs [选项][磁盘位置]

选项:

* -t: 文件系统类型. (xfs或ext4)

样例:

```shell
mkfs -t ext4 /dev/sdb1
```

### 挂载分区

新建目录, 将目录挂载到分区.

样例:

```shell
# 根目录新建 cloudland 目录
mkdir /cloudland
# 将新建分区挂载到该目录上
mount /dev/sdb1 /cloudland
```

### 自动挂载

> 系统开机后, 会自动挂载该硬盘

在文件`/etc/fstab`最后添加`/dev/sdb1 /cloudland ext4 defaults 0 0`

样例:

```shell
echo "/dev/sdb1 /cloudland ext4 defaults 0 0">>/etc/fstab
```

注: 如挂载不正确, 会导致重启后, 请谨慎操作。服务无法重启可使用`mount -o remount,rw /`重新挂载, 在修改`/etc/fstab`文件


## GPT 分区表

> 待学习